// Jest Snapshot v1, https://goo.gl/fbAQLP

exports[`components/next_steps_view should match snapshot 1`] = `
<section
  className="app__content NextStepsView"
  id="app-content"
/>
`;
